eeschema (2012-apr-16-27)-stable  >> Creation date: on. 01. okt. 2014 kl. 14.56 +0200

#Cmp ( order = Reference )
| C1         270p        
| C2         5u          
| C3         220u        
| C4         100p        
| C5         10u         
| C6         100n        
| C7         220u        
| C8         100n        
| C9         220u        
| C10        47u         
| C11        100n        
| C12        10u         
| D1         Z8_2        
| D2         1N4004      
| D3         1N4004      
| D4         1N4148      
| D5         1N4148      
| D6         1N4148      
| D7         1N4148      
| D8         1N4004      
| D9         1N4004      
| D10        1N4004      
| F1         3A          
| F2         3A          
| L1         2u          
| P1         CONN_2      
| P2         CONN_3      
| P3         CONN_2      
| P4         CONN_1      
| P5         CONN_1      
| Q1         BC556       
| Q2         BC546       
| Q3         BC556       
| Q4         BC546       
| Q5         BC556       
| Q6         BC556       
| Q7         BC546       
| Q8         BC556       
| Q9         BC546       
| Q10        BC546       
| Q11        MJE243C     
| Q12        MJE253C     
| Q13        MJL21194C   
| Q14        MJL21193C   
| Q?         BC546       
| R1         2.2k        
| R2         4.7         
| R3         20k         
| R4         47k         
| R5         470         
| R6         470         
| R7         6.8k        
| R8         470         
| R9         470         
| R10        820         
| R11        20k         
| R12        56k         
| R13        330         
| R14        4.7k        
| R15        1.8k        
| R16        68          
| R17        22          
| R18        33          
| R19        33          
| R20        0.22        
| R21        0.22        
| R22        47k         
| R23        10          
| R24        100k        
| R25        4.7k        
| R26        100k        
| R27        100         
| R28        270         
| R29        10          
| RR1        8           
| V1         DC 30V      
| V2         DC -30V     
| V3         AC 1V 0     
| XK1        RELAY_SPDT  
| XRV1       POT_1K      
#End Cmp

#Cmp ( order = Value )
| 0.22         R20       
| 0.22         R21       
| 1.8k         R15       
| 10           R23       
| 10           R29       
| 100          R27       
| 100k         R24       
| 100k         R26       
| 100n         C6        
| 100n         C8        
| 100n         C11       
| 100p         C4        
| 10u          C5        
| 10u          C12       
| 1N4004       D2        
| 1N4004       D3        
| 1N4004       D8        
| 1N4004       D9        
| 1N4004       D10       
| 1N4148       D4        
| 1N4148       D5        
| 1N4148       D6        
| 1N4148       D7        
| 2.2k         R1        
| 20k          R3        
| 20k          R11       
| 22           R17       
| 220u         C3        
| 220u         C7        
| 220u         C9        
| 270          R28       
| 270p         C1        
| 2u           L1        
| 33           R18       
| 33           R19       
| 330          R13       
| 3A           F1        
| 3A           F2        
| 4.7          R2        
| 4.7k         R14       
| 4.7k         R25       
| 470          R5        
| 470          R6        
| 470          R8        
| 470          R9        
| 47k          R4        
| 47k          R22       
| 47u          C10       
| 56k          R12       
| 5u           C2        
| 6.8k         R7        
| 68           R16       
| 8            RR1       
| 820          R10       
| AC 1V 0      V3        
| BC546        Q2        
| BC546        Q4        
| BC546        Q7        
| BC546        Q9        
| BC546        Q10       
| BC546        Q?        
| BC556        Q1        
| BC556        Q3        
| BC556        Q5        
| BC556        Q6        
| BC556        Q8        
| CONN_1       P4        
| CONN_1       P5        
| CONN_2       P1        
| CONN_2       P3        
| CONN_3       P2        
| DC -30V      V2        
| DC 30V       V1        
| MJE243C      Q11       
| MJE253C      Q12       
| MJL21193C    Q14       
| MJL21194C    Q13       
| POT_1K       XRV1      
| RELAY_SPDT   XK1       
| Z8_2         D1        
#End Cmp

#End List
